分类: 央视卫视频道, 名称: CCTV-5+, 有效: 1, IPv4: 1, IPv6: 0, 最小延迟: 465 ms, 最高速率: 7.91 M/s, 平均速率: 7.91 M/s, 最高分辨率: 1280x720, 平均帧率: 未知, 视频编解码器: 未知, 音频编解码器: 未知
分类: 央视卫视频道, 名称: CCTV-15, 有效: 1, IPv4: 1, IPv6: 0, 最小延迟: 351 ms, 最高速率: 1.50 M/s, 平均速率: 1.50 M/s, 最高分辨率: 1280x720, 平均帧率: 未知, 视频编解码器: 未知, 音频编解码器: 未知
分类: 央视卫视频道, 名称: CCTV-1, 有效: 0, IPv4: 1, IPv6: 0, 最小延迟: -1 ms, 最高速率: 0.00 M/s, 平均速率: 0.00 M/s, 最高分辨率: None, 平均帧率: 未知, 视频编解码器: 未知, 音频编解码器: 未知
分类: 央视卫视频道, 名称: CCTV-3, 有效: 0, IPv4: 1, IPv6: 0, 最小延迟: -1 ms, 最高速率: 0.00 M/s, 平均速率: 0.00 M/s, 最高分辨率: 1920x1080, 平均帧率: 未知, 视频编解码器: 未知, 音频编解码器: 未知
分类: 央视卫视频道, 名称: CCTV-5, 有效: 0, IPv4: 2, IPv6: 0, 最小延迟: -1 ms, 最高速率: 0.00 M/s, 平均速率: 0.00 M/s, 最高分辨率: 1920x1080, 平均帧率: 未知, 视频编解码器: 未知, 音频编解码器: 未知
分类: 央视卫视频道, 名称: CCTV-6, 有效: 0, IPv4: 1, IPv6: 0, 最小延迟: -1 ms, 最高速率: 0.00 M/s, 平均速率: 0.00 M/s, 最高分辨率: None, 平均帧率: 未知, 视频编解码器: 未知, 音频编解码器: 未知
分类: 央视卫视频道, 名称: CCTV-8, 有效: 0, IPv4: 1, IPv6: 0, 最小延迟: -1 ms, 最高速率: 0.00 M/s, 平均速率: 0.00 M/s, 最高分辨率: 1920x1080, 平均帧率: 未知, 视频编解码器: 未知, 音频编解码器: 未知
分类: 央视卫视频道, 名称: CCTV-9, 有效: 0, IPv4: 1, IPv6: 0, 最小延迟: -1 ms, 最高速率: 0.00 M/s, 平均速率: 0.00 M/s, 最高分辨率: 1920x1080, 平均帧率: 未知, 视频编解码器: 未知, 音频编解码器: 未知
分类: 央视卫视频道, 名称: CCTV-10, 有效: 0, IPv4: 1, IPv6: 0, 最小延迟: -1 ms, 最高速率: 0.00 M/s, 平均速率: 0.00 M/s, 最高分辨率: 1920x1080, 平均帧率: 未知, 视频编解码器: 未知, 音频编解码器: 未知
分类: 央视卫视频道, 名称: CCTV-13, 有效: 0, IPv4: 1, IPv6: 0, 最小延迟: -1 ms, 最高速率: 0.00 M/s, 平均速率: 0.00 M/s, 最高分辨率: 1920x1080, 平均帧率: 未知, 视频编解码器: 未知, 音频编解码器: 未知
分类: 央视卫视频道, 名称: CCTV-16, 有效: 1, IPv4: 1, IPv6: 0, 最小延迟: 769 ms, 最高速率: 1.35 M/s, 平均速率: 1.35 M/s, 最高分辨率: 1280x720, 平均帧率: 未知, 视频编解码器: 未知, 音频编解码器: 未知
分类: 央视卫视频道, 名称: CCTV-12, 有效: 1, IPv4: 1, IPv6: 0, 最小延迟: 4883 ms, 最高速率: 0.89 M/s, 平均速率: 0.89 M/s, 最高分辨率: 1920x1080, 平均帧率: 未知, 视频编解码器: 未知, 音频编解码器: 未知
分类: 央视卫视频道, 名称: CETV-1, 有效: 0, IPv4: 1, IPv6: 0, 最小延迟: -1 ms, 最高速率: 0.00 M/s, 平均速率: 0.00 M/s, 最高分辨率: None, 平均帧率: 未知, 视频编解码器: 未知, 音频编解码器: 未知
分类: 央视卫视频道, 名称: CETV-4, 有效: 0, IPv4: 1, IPv6: 0, 最小延迟: -1 ms, 最高速率: 0.00 M/s, 平均速率: 0.00 M/s, 最高分辨率: 1920x1080, 平均帧率: 未知, 视频编解码器: 未知, 音频编解码器: 未知
分类: 央视卫视频道, 名称: CGTN, 有效: 0, IPv4: 1, IPv6: 0, 最小延迟: -1 ms, 最高速率: 0.00 M/s, 平均速率: 0.00 M/s, 最高分辨率: None, 平均帧率: 未知, 视频编解码器: 未知, 音频编解码器: 未知
分类: 央视卫视频道, 名称: 湖南卫视, 有效: 0, IPv4: 1, IPv6: 0, 最小延迟: -1 ms, 最高速率: 0.00 M/s, 平均速率: 0.00 M/s, 最高分辨率: None, 平均帧率: 未知, 视频编解码器: 未知, 音频编解码器: 未知
分类: 央视卫视频道, 名称: 江苏卫视, 有效: 0, IPv4: 1, IPv6: 0, 最小延迟: -1 ms, 最高速率: 0.00 M/s, 平均速率: 0.00 M/s, 最高分辨率: 1920x1080, 平均帧率: 未知, 视频编解码器: 未知, 音频编解码器: 未知
分类: 央视卫视频道, 名称: CCTV-14, 有效: 0, IPv4: 1, IPv6: 0, 最小延迟: 5847 ms, 最高速率: 0.29 M/s, 平均速率: 0.00 M/s, 最高分辨率: 1920x1080, 平均帧率: 未知, 视频编解码器: 未知, 音频编解码器: 未知
分类: 央视卫视频道, 名称: CCTV-2, 有效: 0, IPv4: 1, IPv6: 0, 最小延迟: 5909 ms, 最高速率: 0.35 M/s, 平均速率: 0.00 M/s, 最高分辨率: 1920x1080, 平均帧率: 未知, 视频编解码器: 未知, 音频编解码器: 未知
分类: 央视卫视频道, 名称: CCTV-4, 有效: 0, IPv4: 1, IPv6: 0, 最小延迟: 5911 ms, 最高速率: 0.32 M/s, 平均速率: 0.00 M/s, 最高分辨率: 1920x1080, 平均帧率: 未知, 视频编解码器: 未知, 音频编解码器: 未知
分类: 央视卫视频道, 名称: CCTV-11, 有效: 1, IPv4: 1, IPv6: 0, 最小延迟: 5805 ms, 最高速率: 0.58 M/s, 平均速率: 0.58 M/s, 最高分辨率: 1920x1080, 平均帧率: 未知, 视频编解码器: 未知, 音频编解码器: 未知
分类: 央视卫视频道, 名称: CCTV-7, 有效: 0, IPv4: 1, IPv6: 0, 最小延迟: 5914 ms, 最高速率: 0.36 M/s, 平均速率: 0.00 M/s, 最高分辨率: 1920x1080, 平均帧率: 50.00, 视频编解码器: h264, 音频编解码器: mp2
分类: 央视卫视频道, 名称: 天津卫视, 有效: 0, IPv4: 1, IPv6: 0, 最小延迟: -1 ms, 最高速率: 0.00 M/s, 平均速率: 0.00 M/s, 最高分辨率: None, 平均帧率: 未知, 视频编解码器: 未知, 音频编解码器: 未知
分类: 央视卫视频道, 名称: 东方卫视, 有效: 0, IPv4: 1, IPv6: 0, 最小延迟: 3410 ms, 最高速率: 1.30 M/s, 平均速率: 0.00 M/s, 最高分辨率: 720x576, 平均帧率: 25.00, 视频编解码器: mpeg2video, 音频编解码器: mp2
分类: 央视卫视频道, 名称: CCTV-17, 有效: 0, IPv4: 2, IPv6: 0, 最小延迟: 5906 ms, 最高速率: 0.07 M/s, 平均速率: 0.00 M/s, 最高分辨率: 1920x1080, 平均帧率: 未知, 视频编解码器: 未知, 音频编解码器: 未知
分类: 央视卫视频道, 名称: 浙江卫视, 有效: 1, IPv4: 1, IPv6: 0, 最小延迟: 5807 ms, 最高速率: 0.71 M/s, 平均速率: 0.71 M/s, 最高分辨率: 1920x1080, 平均帧率: 未知, 视频编解码器: 未知, 音频编解码器: 未知
分类: 央视卫视频道, 名称: 重庆卫视, 有效: 0, IPv4: 1, IPv6: 0, 最小延迟: -1 ms, 最高速率: 0.00 M/s, 平均速率: 0.00 M/s, 最高分辨率: None, 平均帧率: 未知, 视频编解码器: 未知, 音频编解码器: 未知
分类: 央视卫视频道, 名称: 河北卫视, 有效: 0, IPv4: 1, IPv6: 0, 最小延迟: -1 ms, 最高速率: 0.00 M/s, 平均速率: 0.00 M/s, 最高分辨率: 1920x1080, 平均帧率: 未知, 视频编解码器: 未知, 音频编解码器: 未知
分类: 央视卫视频道, 名称: 辽宁卫视, 有效: 0, IPv4: 1, IPv6: 0, 最小延迟: -1 ms, 最高速率: 0.00 M/s, 平均速率: 0.00 M/s, 最高分辨率: None, 平均帧率: 未知, 视频编解码器: 未知, 音频编解码器: 未知
分类: 央视卫视频道, 名称: 广东卫视, 有效: 1, IPv4: 1, IPv6: 0, 最小延迟: 5325 ms, 最高速率: 1.02 M/s, 平均速率: 1.02 M/s, 最高分辨率: 1920x1080, 平均帧率: 未知, 视频编解码器: 未知, 音频编解码器: 未知
分类: 央视卫视频道, 名称: 吉林卫视, 有效: 0, IPv4: 1, IPv6: 0, 最小延迟: -1 ms, 最高速率: 0.00 M/s, 平均速率: 0.00 M/s, 最高分辨率: 1920x1080, 平均帧率: 未知, 视频编解码器: 未知, 音频编解码器: 未知
分类: 央视卫视频道, 名称: 四川卫视, 有效: 0, IPv4: 1, IPv6: 0, 最小延迟: 5600 ms, 最高速率: 0.39 M/s, 平均速率: 0.00 M/s, 最高分辨率: 1920x1080, 平均帧率: 未知, 视频编解码器: 未知, 音频编解码器: 未知
分类: 央视卫视频道, 名称: 深圳卫视, 有效: 0, IPv4: 1, IPv6: 0, 最小延迟: 5732 ms, 最高速率: 0.24 M/s, 平均速率: 0.00 M/s, 最高分辨率: 1920x1080, 平均帧率: 未知, 视频编解码器: 未知, 音频编解码器: 未知
分类: 央视卫视频道, 名称: 山东卫视, 有效: 1, IPv4: 1, IPv6: 0, 最小延迟: 5789 ms, 最高速率: 0.55 M/s, 平均速率: 0.55 M/s, 最高分辨率: 1920x1080, 平均帧率: 未知, 视频编解码器: 未知, 音频编解码器: 未知
分类: 央视卫视频道, 名称: 安徽卫视, 有效: 0, IPv4: 1, IPv6: 0, 最小延迟: 5780 ms, 最高速率: 0.45 M/s, 平均速率: 0.00 M/s, 最高分辨率: 1920x1080, 平均帧率: 未知, 视频编解码器: 未知, 音频编解码器: 未知
分类: 央视卫视频道, 名称: 河南卫视, 有效: 1, IPv4: 1, IPv6: 0, 最小延迟: 5340 ms, 最高速率: 0.56 M/s, 平均速率: 0.56 M/s, 最高分辨率: 1920x1080, 平均帧率: 未知, 视频编解码器: 未知, 音频编解码器: 未知
分类: 央视卫视频道, 名称: 湖北卫视, 有效: 0, IPv4: 1, IPv6: 0, 最小延迟: 5317 ms, 最高速率: 0.23 M/s, 平均速率: 0.00 M/s, 最高分辨率: 1920x1080, 平均帧率: 未知, 视频编解码器: 未知, 音频编解码器: 未知
分类: 央视卫视频道, 名称: 内蒙古卫视, 有效: 0, IPv4: 1, IPv6: 0, 最小延迟: -1 ms, 最高速率: 0.00 M/s, 平均速率: 0.00 M/s, 最高分辨率: 1920x1080, 平均帧率: 未知, 视频编解码器: 未知, 音频编解码器: 未知
分类: 央视卫视频道, 名称: 山西卫视, 有效: 0, IPv4: 1, IPv6: 0, 最小延迟: -1 ms, 最高速率: 0.00 M/s, 平均速率: 0.00 M/s, 最高分辨率: None, 平均帧率: 未知, 视频编解码器: 未知, 音频编解码器: 未知
分类: 央视卫视频道, 名称: 甘肃卫视, 有效: 0, IPv4: 1, IPv6: 0, 最小延迟: -1 ms, 最高速率: 0.00 M/s, 平均速率: 0.00 M/s, 最高分辨率: 1920x1080, 平均帧率: 未知, 视频编解码器: 未知, 音频编解码器: 未知
分类: 央视卫视频道, 名称: 青海卫视, 有效: 0, IPv4: 1, IPv6: 0, 最小延迟: -1 ms, 最高速率: 0.00 M/s, 平均速率: 0.00 M/s, 最高分辨率: None, 平均帧率: 未知, 视频编解码器: 未知, 音频编解码器: 未知
分类: 央视卫视频道, 名称: 宁夏卫视, 有效: 0, IPv4: 1, IPv6: 0, 最小延迟: -1 ms, 最高速率: 0.00 M/s, 平均速率: 0.00 M/s, 最高分辨率: None, 平均帧率: 未知, 视频编解码器: 未知, 音频编解码器: 未知
分类: 央视卫视频道, 名称: 新疆卫视, 有效: 0, IPv4: 1, IPv6: 0, 最小延迟: -1 ms, 最高速率: 0.00 M/s, 平均速率: 0.00 M/s, 最高分辨率: 1920x1080, 平均帧率: 未知, 视频编解码器: 未知, 音频编解码器: 未知
分类: 央视卫视频道, 名称: 北京卫视, 有效: 0, IPv4: 1, IPv6: 0, 最小延迟: 5049 ms, 最高速率: 0.32 M/s, 平均速率: 0.00 M/s, 最高分辨率: None, 平均帧率: 未知, 视频编解码器: 未知, 音频编解码器: 未知
分类: 央视卫视频道, 名称: 西藏卫视, 有效: 0, IPv4: 1, IPv6: 0, 最小延迟: -1 ms, 最高速率: 0.00 M/s, 平均速率: 0.00 M/s, 最高分辨率: 1920x1080, 平均帧率: 未知, 视频编解码器: 未知, 音频编解码器: 未知
分类: 央视卫视频道, 名称: 黑龙江卫视, 有效: 0, IPv4: 1, IPv6: 0, 最小延迟: 5779 ms, 最高速率: 0.16 M/s, 平均速率: 0.00 M/s, 最高分辨率: 1920x1080, 平均帧率: 未知, 视频编解码器: 未知, 音频编解码器: 未知
分类: 央视卫视频道, 名称: 陕西卫视, 有效: 0, IPv4: 1, IPv6: 0, 最小延迟: 5400 ms, 最高速率: 0.04 M/s, 平均速率: 0.00 M/s, 最高分辨率: 1920x1080, 平均帧率: 未知, 视频编解码器: 未知, 音频编解码器: 未知
分类: 央视卫视频道, 名称: 旅游卫视, 有效: 0, IPv4: 1, IPv6: 0, 最小延迟: -1 ms, 最高速率: 0.00 M/s, 平均速率: 0.00 M/s, 最高分辨率: 1920x1080, 平均帧率: 未知, 视频编解码器: 未知, 音频编解码器: 未知
分类: 央视卫视频道, 名称: 嘉佳卡通, 有效: 0, IPv4: 1, IPv6: 0, 最小延迟: -1 ms, 最高速率: 0.00 M/s, 平均速率: 0.00 M/s, 最高分辨率: 1920x1080, 平均帧率: 未知, 视频编解码器: 未知, 音频编解码器: 未知
分类: 央视卫视频道, 名称: 优漫卡通, 有效: 0, IPv4: 1, IPv6: 0, 最小延迟: -1 ms, 最高速率: 0.00 M/s, 平均速率: 0.00 M/s, 最高分辨率: None, 平均帧率: 未知, 视频编解码器: 未知, 音频编解码器: 未知
分类: 港澳台频道, 名称: 本港台, 有效: 0, IPv4: 1, IPv6: 0, 最小延迟: -1 ms, 最高速率: 0.00 M/s, 平均速率: 0.00 M/s, 最高分辨率: None, 平均帧率: 未知, 视频编解码器: 未知, 音频编解码器: 未知
分类: 其他频道, 名称: 广东体育频道, 有效: 0, IPv4: 1, IPv6: 0, 最小延迟: -1 ms, 最高速率: 0.00 M/s, 平均速率: 0.00 M/s, 最高分辨率: None, 平均帧率: 未知, 视频编解码器: 未知, 音频编解码器: 未知
分类: 央视卫视频道, 名称: 江西卫视, 有效: 1, IPv4: 1, IPv6: 0, 最小延迟: 5351 ms, 最高速率: 0.79 M/s, 平均速率: 0.79 M/s, 最高分辨率: 1920x1080, 平均帧率: 未知, 视频编解码器: 未知, 音频编解码器: 未知
分类: 央视卫视频道, 名称: 金鹰卡通, 有效: 1, IPv4: 1, IPv6: 0, 最小延迟: 5474 ms, 最高速率: 0.68 M/s, 平均速率: 0.68 M/s, 最高分辨率: 1920x1080, 平均帧率: 未知, 视频编解码器: 未知, 音频编解码器: 未知
分类: 央视卫视频道, 名称: 卡酷少儿, 有效: 1, IPv4: 1, IPv6: 0, 最小延迟: 5475 ms, 最高速率: 0.64 M/s, 平均速率: 0.64 M/s, 最高分辨率: 1920x1080, 平均帧率: 未知, 视频编解码器: 未知, 音频编解码器: 未知
分类: 央视卫视频道, 名称: 贵州卫视, 有效: 1, IPv4: 1, IPv6: 0, 最小延迟: 5318 ms, 最高速率: 0.69 M/s, 平均速率: 0.69 M/s, 最高分辨率: 1920x1080, 平均帧率: 未知, 视频编解码器: 未知, 音频编解码器: 未知
分类: 央视卫视频道, 名称: 云南卫视, 有效: 1, IPv4: 1, IPv6: 0, 最小延迟: 5321 ms, 最高速率: 0.67 M/s, 平均速率: 0.67 M/s, 最高分辨率: 1920x1080, 平均帧率: 未知, 视频编解码器: 未知, 音频编解码器: 未知
分类: 其他频道, 名称: 广州综合频道, 有效: 0, IPv4: 1, IPv6: 0, 最小延迟: -1 ms, 最高速率: 0.00 M/s, 平均速率: 0.00 M/s, 最高分辨率: None, 平均帧率: 未知, 视频编解码器: 未知, 音频编解码器: 未知
分类: 其他频道, 名称: 湖南经视, 有效: 0, IPv4: 1, IPv6: 0, 最小延迟: -1 ms, 最高速率: 0.00 M/s, 平均速率: 0.00 M/s, 最高分辨率: 1920x1080, 平均帧率: 未知, 视频编解码器: 未知, 音频编解码器: 未知
分类: 其他频道, 名称: CHC动作电影, 有效: 0, IPv4: 1, IPv6: 0, 最小延迟: -1 ms, 最高速率: 0.00 M/s, 平均速率: 0.00 M/s, 最高分辨率: 1920x1080, 平均帧率: 未知, 视频编解码器: 未知, 音频编解码器: 未知
分类: 央视卫视频道, 名称: 东南卫视, 有效: 1, IPv4: 1, IPv6: 0, 最小延迟: 5411 ms, 最高速率: 0.70 M/s, 平均速率: 0.70 M/s, 最高分辨率: 1920x1080, 平均帧率: 未知, 视频编解码器: 未知, 音频编解码器: 未知
分类: 港澳台频道, 名称: 翡翠台, 有效: 0, IPv4: 1, IPv6: 0, 最小延迟: 5848 ms, 最高速率: 0.08 M/s, 平均速率: 0.00 M/s, 最高分辨率: 1280x720, 平均帧率: 未知, 视频编解码器: 未知, 音频编解码器: 未知
分类: 港澳台频道, 名称: 明珠台, 有效: 0, IPv4: 1, IPv6: 0, 最小延迟: 5470 ms, 最高速率: 0.03 M/s, 平均速率: 0.00 M/s, 最高分辨率: 1920x1080, 平均帧率: 未知, 视频编解码器: 未知, 音频编解码器: 未知
分类: 其他频道, 名称: 风云音乐, 有效: 0, IPv4: 1, IPv6: 0, 最小延迟: -1 ms, 最高速率: 0.00 M/s, 平均速率: 0.00 M/s, 最高分辨率: 1920x1080, 平均帧率: 未知, 视频编解码器: 未知, 音频编解码器: 未知
分类: 其他频道, 名称: 深圳都市频道, 有效: 0, IPv4: 1, IPv6: 0, 最小延迟: 5355 ms, 最高速率: 0.38 M/s, 平均速率: 0.00 M/s, 最高分辨率: 1920x1080, 平均帧率: 未知, 视频编解码器: 未知, 音频编解码器: 未知
分类: 其他频道, 名称: CHC高清电影, 有效: 0, IPv4: 1, IPv6: 0, 最小延迟: 5479 ms, 最高速率: 0.14 M/s, 平均速率: 0.00 M/s, 最高分辨率: 1920x1080, 平均帧率: 未知, 视频编解码器: 未知, 音频编解码器: 未知
分类: 港澳台频道, 名称: 凤凰卫视资讯台, 有效: 0, IPv4: 1, IPv6: 0, 最小延迟: 5337 ms, 最高速率: 0.43 M/s, 平均速率: 0.00 M/s, 最高分辨率: None, 平均帧率: 未知, 视频编解码器: 未知, 音频编解码器: 未知
